2026-07-22 13:56:17,522 [INFO] Chưa có data → fetch 90 ngày: 2026-04-23 → 2026-07-21
2026-07-22 13:56:18,148 [INFO] Failed to extract font properties from /usr/share/fonts/truetype/noto/NotoColorEmoji.ttf: Non-scalable fonts are not supported
2026-07-22 13:56:18,928 [INFO] generated new fontManager
2026-07-22 13:56:21,575 [INFO] Device registered: cdee9e98a5e3e3da6b5efc3ffd9e3c38 (version 0.0.1)
2026-07-22 13:56:27,239 [INFO] VCB: ✓ 61 dòng
2026-07-22 13:56:30,620 [INFO] VIC: ✓ 61 dòng
2026-07-22 13:56:33,905 [INFO] VHM: ✓ 61 dòng
2026-07-22 13:56:37,030 [INFO] HPG: ✓ 61 dòng
2026-07-22 13:56:39,589 [INFO] TCB: ✓ 61 dòng
2026-07-22 13:56:42,482 [INFO] MBB: ✓ 61 dòng
2026-07-22 13:56:45,202 [INFO] VNM: ✓ 61 dòng
2026-07-22 13:56:47,791 [INFO] FPT: ✓ 61 dòng
2026-07-22 13:56:50,509 [INFO] MSN: ✓ 61 dòng
2026-07-22 13:56:53,495 [INFO] BID: ✓ 61 dòng
2026-07-22 13:56:53,496 [INFO] === Xong: 10/10 tickers | 610 dòng mới ===
2026-07-23 16:16:41,159 [INFO] Fetch từ 2026-07-22 → 2026-07-22
2026-07-23 16:16:41,726 [INFO] Failed to extract font properties from /usr/share/fonts/truetype/noto/NotoColorEmoji.ttf: Non-scalable fonts are not supported
2026-07-23 16:16:42,879 [INFO] generated new fontManager
2026-07-23 16:16:45,454 [INFO] Device registered: 54e2013a3767e629ef5a2af9440722cc (version 0.0.1)
2026-07-23 16:16:51,160 [INFO] VCB: ✓ 1 dòng
2026-07-23 16:16:54,921 [INFO] VIC: ✓ 1 dòng
2026-07-23 16:16:57,850 [INFO] VHM: ✓ 1 dòng
2026-07-23 16:17:00,596 [INFO] HPG: ✓ 1 dòng
2026-07-23 16:17:03,446 [INFO] TCB: ✓ 1 dòng
2026-07-23 16:17:06,277 [INFO] MBB: ✓ 1 dòng
2026-07-23 16:17:09,047 [INFO] VNM: ✓ 1 dòng
2026-07-23 16:17:11,784 [INFO] FPT: ✓ 1 dòng
2026-07-23 16:17:14,263 [INFO] MSN: ✓ 1 dòng
2026-07-23 16:17:17,068 [INFO] BID: ✓ 1 dòng
2026-07-23 16:17:17,068 [INFO] === Xong: 10/10 tickers | 10 dòng mới ===
2026-07-27 17:20:49,333 [INFO] Fetch từ 2026-07-23 → 2026-07-26
2026-07-27 17:20:49,836 [INFO] Failed to extract font properties from /usr/share/fonts/truetype/noto/NotoColorEmoji.ttf: Non-scalable fonts are not supported
2026-07-27 17:20:49,864 [INFO] generated new fontManager
2026-07-27 17:20:53,960 [INFO] Device registered: 54e2013a3767e629ef5a2af9440722cc (version 0.0.1)
2026-07-27 17:21:01,292 [INFO] VCB: ✓ 2 dòng
2026-07-27 17:21:04,951 [INFO] VIC: ✓ 2 dòng
2026-07-27 17:21:08,658 [INFO] VHM: ✓ 2 dòng
2026-07-27 17:21:12,615 [INFO] HPG: ✓ 2 dòng
2026-07-27 17:21:16,086 [INFO] TCB: ✓ 2 dòng
2026-07-27 17:21:20,070 [INFO] MBB: ✓ 2 dòng
2026-07-27 17:21:23,294 [INFO] VNM: ✓ 2 dòng
2026-07-27 17:21:27,150 [INFO] FPT: ✓ 2 dòng
2026-07-27 17:21:31,216 [INFO] MSN: ✓ 2 dòng
2026-07-27 17:21:34,918 [INFO] BID: ✓ 2 dòng
2026-07-27 17:21:34,918 [INFO] === Xong: 10/10 tickers | 20 dòng mới ===
2026-07-28 16:53:30,554 [INFO] Fetch từ 2026-07-25 → 2026-07-27
2026-07-28 16:53:33,835 [INFO] Failed to extract font properties from /usr/share/fonts/truetype/noto/NotoColorEmoji.ttf: Non-scalable fonts are not supported
2026-07-28 16:53:34,541 [INFO] generated new fontManager
2026-07-28 16:53:37,434 [INFO] Device registered: 54e2013a3767e629ef5a2af9440722cc (version 0.0.1)
2026-07-28 16:53:43,941 [INFO] VCB: ✓ 1 dòng
2026-07-28 16:53:47,516 [INFO] VIC: ✓ 1 dòng
2026-07-28 16:53:51,310 [INFO] VHM: ✓ 1 dòng
2026-07-28 16:53:55,089 [INFO] HPG: ✓ 1 dòng
2026-07-28 16:53:58,365 [INFO] TCB: ✓ 1 dòng
2026-07-28 16:54:01,551 [INFO] MBB: ✓ 1 dòng
2026-07-28 16:54:05,024 [INFO] VNM: ✓ 1 dòng
2026-07-28 16:54:08,295 [INFO] FPT: ✓ 1 dòng
2026-07-28 16:54:10,970 [INFO] MSN: ✓ 1 dòng
2026-07-28 16:54:14,779 [INFO] BID: ✓ 1 dòng
2026-07-28 16:54:14,779 [INFO] === Xong: 10/10 tickers | 10 dòng mới ===
2026-07-29 16:12:12,511 [INFO] Fetch từ 2026-07-28 → 2026-07-28
2026-07-29 16:12:13,953 [INFO] Failed to extract font properties from /usr/share/fonts/truetype/noto/NotoColorEmoji.ttf: Non-scalable fonts are not supported
2026-07-29 16:12:15,007 [INFO] generated new fontManager
2026-07-29 16:12:17,851 [INFO] Device registered: 54e2013a3767e629ef5a2af9440722cc (version 0.0.1)
2026-07-29 16:12:22,832 [INFO] VCB: ✓ 1 dòng
2026-07-29 16:12:25,659 [INFO] VIC: ✓ 1 dòng
2026-07-29 16:12:28,229 [INFO] VHM: ✓ 1 dòng
2026-07-29 16:12:31,836 [INFO] HPG: ✓ 1 dòng
2026-07-29 16:12:34,504 [INFO] TCB: ✓ 1 dòng
2026-07-29 16:12:36,879 [INFO] MBB: ✓ 1 dòng
2026-07-29 16:12:39,270 [INFO] VNM: ✓ 1 dòng
2026-07-29 16:12:41,938 [INFO] FPT: ✓ 1 dòng
2026-07-29 16:12:44,354 [INFO] MSN: ✓ 1 dòng
2026-07-29 16:12:48,339 [INFO] BID: ✓ 1 dòng
2026-07-29 16:12:48,339 [INFO] === Xong: 10/10 tickers | 10 dòng mới ===
2026-07-30 16:17:57,411 [INFO] Fetch từ 2026-07-29 → 2026-07-29
2026-07-30 16:17:57,774 [INFO] Failed to extract font properties from /usr/share/fonts/truetype/noto/NotoColorEmoji.ttf: Non-scalable fonts are not supported
2026-07-30 16:17:57,885 [INFO] generated new fontManager
2026-07-30 16:18:00,747 [INFO] Device registered: 54e2013a3767e629ef5a2af9440722cc (version 0.0.1)
2026-07-30 16:18:06,124 [INFO] VCB: ✓ 1 dòng
2026-07-30 16:18:08,953 [INFO] VIC: ✓ 1 dòng
2026-07-30 16:18:11,996 [INFO] VHM: ✓ 1 dòng
2026-07-30 16:18:15,328 [INFO] HPG: ✓ 1 dòng
2026-07-30 16:18:17,695 [INFO] TCB: ✓ 1 dòng
2026-07-30 16:18:20,450 [INFO] MBB: ✓ 1 dòng
2026-07-30 16:18:23,379 [INFO] VNM: ✓ 1 dòng
2026-07-30 16:18:26,809 [INFO] FPT: ✓ 1 dòng
2026-07-30 16:18:30,140 [INFO] MSN: ✓ 1 dòng
2026-07-30 16:18:33,061 [INFO] BID: ✓ 1 dòng
2026-07-30 16:18:33,061 [INFO] === Xong: 10/10 tickers | 10 dòng mới ===
2026-07-31 17:00:18,404 [INFO] Fetch từ 2026-07-30 → 2026-07-30
2026-07-31 17:00:18,931 [INFO] Failed to extract font properties from /usr/share/fonts/truetype/noto/NotoColorEmoji.ttf: Non-scalable fonts are not supported
2026-07-31 17:00:18,952 [INFO] generated new fontManager
2026-07-31 17:00:21,998 [INFO] Device registered: 54e2013a3767e629ef5a2af9440722cc (version 0.0.1)
2026-07-31 17:00:29,027 [INFO] VCB: ✓ 1 dòng
2026-07-31 17:00:32,555 [INFO] VIC: ✓ 1 dòng
2026-07-31 17:00:36,637 [INFO] VHM: ✓ 1 dòng
2026-07-31 17:00:40,111 [INFO] HPG: ✓ 1 dòng
2026-07-31 17:00:44,100 [INFO] TCB: ✓ 1 dòng
2026-07-31 17:00:47,642 [INFO] MBB: ✓ 1 dòng
2026-07-31 17:00:51,174 [INFO] VNM: ✓ 1 dòng
2026-07-31 17:00:54,500 [INFO] FPT: ✓ 1 dòng
2026-07-31 17:00:58,904 [INFO] MSN: ✓ 1 dòng
2026-07-31 17:01:03,333 [INFO] BID: ✓ 1 dòng
2026-07-31 17:01:03,333 [INFO] === Xong: 10/10 tickers | 10 dòng mới ===
